     1                                  bits 32 ; assembling for the 32 bits architecture
     2                                  
     3                                  ; declare the EntryPoint (a label defining the very first instruction of the program)
     4                                  global start        
     5                                  
     6                                  ; declare external functions needed by our program
     7                                  extern exit               ; tell nasm that exit exists even if we won't be defining it
     8                                  import exit msvcrt.dll    ; exit is a function that ends the calling process. It is defined in msvcrt.dll
     9                                                            ; msvcrt.dll contains exit, printf and all the other important C-runtime specific functions
    10                                  
    11                                  ; our data is declared here (the variables needed by our program)
    12                                  segment data use32 class=data
    13                                      ; ...
    14                                  
    15                                  ; our code starts here
    16                                  segment code use32 class=code
    17                                      start:
    18                                          ; ...
    19 00000000 66B81400                        mov AX, 20 ; AX stands for variable a
    20 00000004 6601C0                          add AX, AX
    21 00000007 66BB0300                        mov BX, 3
    22 0000000B 66B90200                        mov CX, 2
    23 0000000F 66BA0400                        mov DX, 4
    24 00000013 6601CB                          add BX, CX
    25 00000016 6601D3                          add BX, DX
    26 00000019 6629D8                          sub AX, BX
    27                                          ; exit(0)
    28 0000001C 6A00                            push    dword 0      ; push the parameter for exit onto the stack
    29 0000001E FF15[00000000]                  call    [exit]       ; call exit to terminate the program
